PS C:\Users\shodo\workspace\300_samurai_kadai\git_challenge> git init
Initialized empty Git repository in C:/Users/shodo/workspace/300_samurai_kadai/git_challenge/.git/
PS C:\Users\shodo\workspace\300_samurai_kadai\git_challenge> ls


    ディレクトリ: C:\Users\shodo\workspace\300_samurai_kadai\git_challenge


Mode                 LastWriteTime         Length Name
----                 -------------         ------ ----
-a----        2023/06/02     11:05             15 hello_world.txt


PS C:\Users\shodo\workspace\300_samurai_kadai\git_challenge> git add hello_world.txt
PS C:\Users\shodo\workspace\300_samurai_kadai\git_challenge> git status
On branch main

No commits yet

Changes to be committed:
  (use "git rm --cached <file>..." to unstage)
        new file:   hello_world.txt

PS C:\Users\shodo\workspace\300_samurai_kadai\git_challenge> git commit -m "hello_world.txtテキストを追加"
[main (root-commit) fe82651] hello_world.txtテキストを追加
 1 file changed, 1 insertion(+)
 create mode 100644 hello_world.txt
PS C:\Users\shodo\workspace\300_samurai_kadai\git_challenge> git status
On branch main
nothing to commit, working tree clean
PS C:\Users\shodo\workspace\300_samurai_kadai\git_challenge>  Get-Content hello_world.txt
Hello, world!
こんにちは、世界！
PS C:\Users\shodo\workspace\300_samurai_kadai\git_challenge> git add hello_world.txt
PS C:\Users\shodo\workspace\300_samurai_kadai\git_challenge> git status
On branch main
Changes to be committed:
  (use "git restore --staged <file>..." to unstage)
        modified:   hello_world.txt

PS C:\Users\shodo\workspace\300_samurai_kadai\git_challenge> git commit -m "日"
本語訳を追記"
[main 4dd1ca6] 日本語訳を追記
 1 file changed, 1 insertion(+), 1 deletion(-)
PS C:\Users\shodo\workspace\300_samurai_kadai\git_challenge> git status
On branch main
nothing to commit, working tree clean
PS C:\Users\shodo\workspace\300_samurai_kadai\git_challenge> git log --oneline
4dd1ca6 (HEAD -> main) 日本語訳を追記
fe82651 hello_world.txtテキストを追加